// Jest Snapshot v1, https://goo.gl/fbAQLP

exports[`should return null 1`] = `null`;

exports[`should return null 2`] = `null`;

exports[`should return null 3`] = `null`;

exports[`should return null 4`] = `null`;

exports[`should show component 1`] = `
<button>
  Click me
</button>
`;

exports[`should show component 2`] = `
<button>
  Click me
</button>
`;

exports[`should show component 3`] = `
<button>
  Click me
</button>
`;

exports[`should show component 4`] = `
<button>
  Click me
</button>
`;
