// Jest Snapshot v1, https://goo.gl/fbAQLP

exports[`with children and render should return primary content from children and ignore render 1`] = `
Array [
  <div>
    1
  </div>,
  <div>
    2
  </div>,
  <div>
    3
  </div>,
]
`;

exports[`with children should return primary content from children 1`] = `
Array [
  <div>
    1
  </div>,
  <div>
    2
  </div>,
  <div>
    3
  </div>,
]
`;

exports[`with render should return primary content from render 1`] = `
Array [
  <div>
    1
  </div>,
  <div>
    2
  </div>,
  <div>
    3
  </div>,
]
`;

exports[`without children and render should return null 1`] = `null`;
